// Vitest Snapshot v1, https://vitest.dev/guide/snapshot.html

exports[`PipelineStack > matches snapshot 1`] = `
{
  "Parameters": {
    "BootstrapVersion": {
      "Default": "/cdk-bootstrap/hnb659fds/version",
      "Description": "Version of the CDK Bootstrap resources in this environment, automatically retrieved from SSM Parameter Store. [cdk:skip]",
      "Type": "AWS::SSM::Parameter::Value<String>",
    },
  },
  "Resources": {
    "Pipeline9850B417": {
      "DependsOn": [
        "PipelineRoleDefaultPolicy7BDC1ABB",
        "PipelineRoleB27FAA37",
      ],
      "Properties": {
        "ArtifactStore": {
          "Location": {
            "Ref": "PipelineArtifactsBucketAEA9A052",
          },
          "Type": "S3",
        },
        "Name": "hermod-pipeline",
        "PipelineType": "V1",
        "RestartExecutionOnUpdate": true,
        "RoleArn": {
          "Fn::GetAtt": [
            "PipelineRoleB27FAA37",
            "Arn",
          ],
        },
        "Stages": [
          {
            "Actions": [
              {
                "ActionTypeId": {
                  "Category": "Source",
                  "Owner": "AWS",
                  "Provider": "CodeStarSourceConnection",
                  "Version": "1",
                },
                "Configuration": {
                  "BranchName": "main",
                  "ConnectionArn": "arn:aws:codestar-connections:eu-central-1:123456789012:connection/test-connection-id",
                  "FullRepositoryId": "test-owner/test-repo",
                },
                "Name": "test-owner_test-repo",
                "OutputArtifacts": [
                  {
                    "Name": "test_owner_test_repo_Source",
                  },
                ],
                "RoleArn": {
                  "Fn::GetAtt": [
                    "PipelineSourcetestownertestrepoCodePipelineActionRole56B0F5FD",
                    "Arn",
                  ],
                },
                "RunOrder": 1,
              },
            ],
            "Name": "Source",
          },
          {
            "Actions": [
              {
                "ActionTypeId": {
                  "Category": "Build",
                  "Owner": "AWS",
                  "Provider": "CodeBuild",
                  "Version": "1",
                },
                "Configuration": {
                  "EnvironmentVariables": "[{"name":"_PROJECT_CONFIG_HASH","type":"PLAINTEXT","value":"c252caa21e9847e06dccaf4a37e1c274c0b6a0cc3d2f2d13e88735f019201ea5"}]",
                  "ProjectName": {
                    "Ref": "PipelineBuildSynthCdkBuildProject6BEFA8E6",
                  },
                },
                "InputArtifacts": [
                  {
                    "Name": "test_owner_test_repo_Source",
                  },
                ],
                "Name": "Synth",
                "OutputArtifacts": [
                  {
                    "Name": "Synth_Output",
                  },
                ],
                "RoleArn": {
                  "Fn::GetAtt": [
                    "PipelineCodeBuildActionRole226DB0CB",
                    "Arn",
                  ],
                },
                "RunOrder": 1,
              },
            ],
            "Name": "Build",
          },
          {
            "Actions": [
              {
                "ActionTypeId": {
                  "Category": "Build",
                  "Owner": "AWS",
                  "Provider": "CodeBuild",
                  "Version": "1",
                },
                "Configuration": {
                  "EnvironmentVariables": "[{"name":"_PROJECT_CONFIG_HASH","type":"PLAINTEXT","value":"3e2c2c043f5d0698c10e46b6184f01cb0842a28074d9b6ea1881365ad47de32c"}]",
                  "ProjectName": {
                    "Ref": "PipelineUpdatePipelineSelfMutationDAA41400",
                  },
                },
                "InputArtifacts": [
                  {
                    "Name": "Synth_Output",
                  },
                ],
                "Name": "SelfMutate",
                "RoleArn": {
                  "Fn::GetAtt": [
                    "PipelineCodeBuildActionRole226DB0CB",
                    "Arn",
                  ],
                },
                "RunOrder": 1,
              },
            ],
            "Name": "UpdatePipeline",
          },
          {
            "Actions": [
              {
                "ActionTypeId": {
                  "Category": "Build",
                  "Owner": "AWS",
                  "Provider": "CodeBuild",
                  "Version": "1",
                },
                "Configuration": {
                  "ProjectName": {
                    "Ref": "PipelineAssetsFileAsset185A67CB4",
                  },
                },
                "InputArtifacts": [
                  {
                    "Name": "Synth_Output",
                  },
                ],
                "Name": "TestPipelineStack_Prod_HermodStack_Client_Custom_S3AutoDeleteObjectsCustomResourceProvider_Code",
                "RoleArn": {
                  "Fn::GetAtt": [
                    "PipelineCodeBuildActionRole226DB0CB",
                    "Arn",
                  ],
                },
                "RunOrder": 1,
              },
              {
                "ActionTypeId": {
                  "Category": "Build",
                  "Owner": "AWS",
                  "Provider": "CodeBuild",
                  "Version": "1",
                },
                "Configuration": {
                  "ProjectName": {
                    "Ref": "PipelineAssetsFileAsset24D2D639B",
                  },
                },
                "InputArtifacts": [
                  {
                    "Name": "Synth_Output",
                  },
                ],
                "Name": "Client_Nested_Stack_Template",
                "RoleArn": {
                  "Fn::GetAtt": [
                    "PipelineCodeBuildActionRole226DB0CB",
                    "Arn",
                  ],
                },
                "RunOrder": 1,
              },
            ],
            "Name": "Assets",
          },
          {
            "Actions": [
              {
                "ActionTypeId": {
                  "Category": "Deploy",
                  "Owner": "AWS",
                  "Provider": "CloudFormation",
                  "Version": "1",
                },
                "Configuration": {
                  "ActionMode": "CHANGE_SET_REPLACE",
                  "Capabilities": "CAPABILITY_NAMED_IAM,CAPABILITY_AUTO_EXPAND",
                  "ChangeSetName": "PipelineChange",
                  "RoleArn": {
                    "Fn::Join": [
                      "",
                      [
                        "arn:",
                        {
                          "Ref": "AWS::Partition",
                        },
                        ":iam::123456789012:role/cdk-hnb659fds-cfn-exec-role-123456789012-eu-central-1",
                      ],
                    ],
                  },
                  "StackName": "Prod-HermodStack",
                  "TemplatePath": "Synth_Output::assembly-TestPipelineStack-Prod/TestPipelineStackProdHermodStackC7ED9388.template.json",
                },
                "InputArtifacts": [
                  {
                    "Name": "Synth_Output",
                  },
                ],
                "Name": "Prepare",
                "RoleArn": {
                  "Fn::Join": [
                    "",
                    [
                      "arn:",
                      {
                        "Ref": "AWS::Partition",
                      },
                      ":iam::123456789012:role/cdk-hnb659fds-deploy-role-123456789012-eu-central-1",
                    ],
                  ],
                },
                "RunOrder": 1,
              },
              {
                "ActionTypeId": {
                  "Category": "Deploy",
                  "Owner": "AWS",
                  "Provider": "CloudFormation",
                  "Version": "1",
                },
                "Configuration": {
                  "ActionMode": "CHANGE_SET_EXECUTE",
                  "ChangeSetName": "PipelineChange",
                  "StackName": "Prod-HermodStack",
                },
                "Name": "Deploy",
                "RoleArn": {
                  "Fn::Join": [
                    "",
                    [
                      "arn:",
                      {
                        "Ref": "AWS::Partition",
                      },
                      ":iam::123456789012:role/cdk-hnb659fds-deploy-role-123456789012-eu-central-1",
                    ],
                  ],
                },
                "RunOrder": 2,
              },
            ],
            "Name": "Prod",
          },
        ],
      },
      "Type": "AWS::CodePipeline::Pipeline",
    },
    "PipelineArtifactsBucketAEA9A052": {
      "DeletionPolicy": "Retain",
      "Properties": {
        "BucketEncryption": {
          "ServerSideEncryptionConfiguration": [
            {
              "ServerSideEncryptionByDefault": {
                "SSEAlgorithm": "aws:kms",
              },
            },
          ],
        },
        "PublicAccessBlockConfiguration": {
          "BlockPublicAcls": true,
          "BlockPublicPolicy": true,
          "IgnorePublicAcls": true,
          "RestrictPublicBuckets": true,
        },
      },
      "Type": "AWS::S3::Bucket",
      "UpdateReplacePolicy": "Retain",
    },
    "PipelineArtifactsBucketPolicyF53CCC52": {
      "Properties": {
        "Bucket": {
          "Ref": "PipelineArtifactsBucketAEA9A052",
        },
        "PolicyDocument": {
          "Statement": [
            {
              "Action": "s3:*",
              "Condition": {
                "Bool": {
                  "aws:SecureTransport": "false",
                },
              },
              "Effect": "Deny",
              "Principal": {
                "AWS": "*",
              },
              "Resource": [
                {
                  "Fn::GetAtt": [
                    "PipelineArtifactsBucketAEA9A052",
                    "Arn",
                  ],
                },
                {
                  "Fn::Join": [
                    "",
                    [
                      {
                        "Fn::GetAtt": [
                          "PipelineArtifactsBucketAEA9A052",
                          "Arn",
                        ],
                      },
                      "/*",
                    ],
                  ],
                },
              ],
            },
            {
              "Action": [
                "s3:GetObject*",
                "s3:GetBucket*",
                "s3:List*",
              ],
              "Effect": "Allow",
              "Principal": {
                "AWS": {
                  "Fn::Join": [
                    "",
                    [
                      "arn:",
                      {
                        "Ref": "AWS::Partition",
                      },
                      ":iam::123456789012:role/cdk-hnb659fds-deploy-role-123456789012-eu-central-1",
                    ],
                  ],
                },
              },
              "Resource": [
                {
                  "Fn::GetAtt": [
                    "PipelineArtifactsBucketAEA9A052",
                    "Arn",
                  ],
                },
                {
                  "Fn::Join": [
                    "",
                    [
                      {
                        "Fn::GetAtt": [
                          "PipelineArtifactsBucketAEA9A052",
                          "Arn",
                        ],
                      },
                      "/*",
                    ],
                  ],
                },
              ],
            },
          ],
          "Version": "2012-10-17",
        },
      },
      "Type": "AWS::S3::BucketPolicy",
    },
    "PipelineAssetsFileAsset185A67CB4": {
      "Properties": {
        "Artifacts": {
          "Type": "CODEPIPELINE",
        },
        "Cache": {
          "Type": "NO_CACHE",
        },
        "Description": "Pipeline step TestPipelineStack/Pipeline/Assets/TestPipelineStack_Prod_HermodStack_Client_Custom_S3AutoDeleteObjectsCustomResourceProvider_Code",
        "EncryptionKey": "alias/aws/s3",
        "Environment": {
          "ComputeType": "BUILD_GENERAL1_SMALL",
          "Image": "aws/codebuild/standard:7.0",
          "ImagePullCredentialsType": "CODEBUILD",
          "PrivilegedMode": false,
          "Type": "LINUX_CONTAINER",
        },
        "ServiceRole": {
          "Fn::GetAtt": [
            "PipelineAssetsFileRole59943A77",
            "Arn",
          ],
        },
        "Source": {
          "BuildSpec": "{
  "version": "0.2",
  "phases": {
    "install": {
      "commands": [
        "npm install -g cdk-assets@latest"
      ]
    },
    "build": {
      "commands": [
        "cdk-assets --path \\"assembly-TestPipelineStack-Prod/TestPipelineStackProdHermodStackC7ED9388.assets.json\\" --verbose publish \\"faa95a81ae7d7373f3e1f242268f904eb748d8d0fdd306e8a6fe515a1905a7d6:123456789012-eu-central-1-9b92c6e3\\""
      ]
    }
  }
}",
          "Type": "CODEPIPELINE",
        },
      },
      "Type": "AWS::CodeBuild::Project",
    },
    "PipelineAssetsFileAsset24D2D639B": {
      "Properties": {
        "Artifacts": {
          "Type": "CODEPIPELINE",
        },
        "Cache": {
          "Type": "NO_CACHE",
        },
        "Description": "Pipeline step TestPipelineStack/Pipeline/Assets/Client_Nested_Stack_Template",
        "EncryptionKey": "alias/aws/s3",
        "Environment": {
          "ComputeType": "BUILD_GENERAL1_SMALL",
          "Image": "aws/codebuild/standard:7.0",
          "ImagePullCredentialsType": "CODEBUILD",
          "PrivilegedMode": false,
          "Type": "LINUX_CONTAINER",
        },
        "ServiceRole": {
          "Fn::GetAtt": [
            "PipelineAssetsFileRole59943A77",
            "Arn",
          ],
        },
        "Source": {
          "BuildSpec": "{
  "version": "0.2",
  "phases": {
    "install": {
      "commands": [
        "npm install -g cdk-assets@latest"
      ]
    },
    "build": {
      "commands": [
        "cdk-assets --path \\"assembly-TestPipelineStack-Prod/TestPipelineStackProdHermodStackC7ED9388.assets.json\\" --verbose publish \\"ae575278874db59dd69bb37c877c804bea7a94ac773e7ef432552fad7a38d9ec:123456789012-eu-central-1-302865bf\\""
      ]
    }
  }
}",
          "Type": "CODEPIPELINE",
        },
      },
      "Type": "AWS::CodeBuild::Project",
    },
    "PipelineAssetsFileRole59943A77": {
      "Properties": {
        "AssumeRolePolicyDocument": {
          "Statement": [
            {
              "Action": "sts:AssumeRole",
              "Effect": "Allow",
              "Principal": {
                "Service": "codebuild.amazonaws.com",
              },
            },
          ],
          "Version": "2012-10-17",
        },
      },
      "Type": "AWS::IAM::Role",
    },
    "PipelineAssetsFileRoleDefaultPolicy14DB8755": {
      "Properties": {
        "PolicyDocument": {
          "Statement": [
            {
              "Action": [
                "logs:CreateLogGroup",
                "logs:CreateLogStream",
                "logs:PutLogEvents",
              ],
              "Effect": "Allow",
              "Resource": {
                "Fn::Join": [
                  "",
                  [
                    "arn:",
                    {
                      "Ref": "AWS::Partition",
                    },
                    ":logs:eu-central-1:123456789012:log-group:/aws/codebuild/*",
                  ],
                ],
              },
            },
            {
              "Action": [
                "codebuild:CreateReportGroup",
                "codebuild:CreateReport",
                "codebuild:UpdateReport",
                "codebuild:BatchPutTestCases",
                "codebuild:BatchPutCodeCoverages",
              ],
              "Effect": "Allow",
              "Resource": {
                "Fn::Join": [
                  "",
                  [
                    "arn:",
                    {
                      "Ref": "AWS::Partition",
                    },
                    ":codebuild:eu-central-1:123456789012:report-group/*",
                  ],
                ],
              },
            },
            {
              "Action": [
                "codebuild:BatchGetBuilds",
                "codebuild:StartBuild",
                "codebuild:StopBuild",
              ],
              "Effect": "Allow",
              "Resource": "*",
            },
            {
              "Action": "sts:AssumeRole",
              "Effect": "Allow",
              "Resource": {
                "Fn::Sub": "arn:\${AWS::Partition}:iam::123456789012:role/cdk-hnb659fds-file-publishing-role-123456789012-eu-central-1",
              },
            },
            {
              "Action": [
                "s3:GetObject*",
                "s3:GetBucket*",
                "s3:List*",
              ],
              "Effect": "Allow",
              "Resource": [
                {
                  "Fn::GetAtt": [
                    "PipelineArtifactsBucketAEA9A052",
                    "Arn",
                  ],
                },
                {
                  "Fn::Join": [
                    "",
                    [
                      {
                        "Fn::GetAtt": [
                          "PipelineArtifactsBucketAEA9A052",
                          "Arn",
                        ],
                      },
                      "/*",
                    ],
                  ],
                },
              ],
            },
          ],
          "Version": "2012-10-17",
        },
        "PolicyName": "PipelineAssetsFileRoleDefaultPolicy14DB8755",
        "Roles": [
          {
            "Ref": "PipelineAssetsFileRole59943A77",
          },
        ],
      },
      "Type": "AWS::IAM::Policy",
    },
    "PipelineBuildSynthCdkBuildProject6BEFA8E6": {
      "Properties": {
        "Artifacts": {
          "Type": "CODEPIPELINE",
        },
        "Cache": {
          "Type": "NO_CACHE",
        },
        "Description": "Pipeline step TestPipelineStack/Pipeline/Build/Synth",
        "EncryptionKey": "alias/aws/s3",
        "Environment": {
          "ComputeType": "BUILD_GENERAL1_SMALL",
          "EnvironmentVariables": [
            {
              "Name": "AWS_REGION",
              "Type": "PLAINTEXT",
              "Value": "eu-central-1",
            },
          ],
          "Image": "aws/codebuild/standard:7.0",
          "ImagePullCredentialsType": "CODEBUILD",
          "PrivilegedMode": false,
          "Type": "LINUX_CONTAINER",
        },
        "ServiceRole": {
          "Fn::GetAtt": [
            "PipelineBuildSynthCdkBuildProjectRole231EEA2A",
            "Arn",
          ],
        },
        "Source": {
          "BuildSpec": "{
  "version": "0.2",
  "phases": {
    "install": {
      "commands": [
        "n 20"
      ]
    },
    "build": {
      "commands": [
        "npm ci",
        "npm run lint",
        "npm run test:coverage",
        "npm run build",
        "npm run ui:build",
        "export AWS_ACCOUNT_ID=$(aws ssm get-parameter --name /hermod/config/account-id --query Parameter.Value --output text --region $AWS_REGION)",
        "export GITHUB_CONNECTION_ARN=$(aws ssm get-parameter --name /hermod/config/github-connection-arn --query Parameter.Value --output text --region $AWS_REGION)",
        "export GITHUB_REPO=$(aws ssm get-parameter --name /hermod/config/github-repo --query Parameter.Value --output text --region $AWS_REGION)",
        "export GITHUB_BRANCH=$(aws ssm get-parameter --name /hermod/config/github-branch --query Parameter.Value --output text --region $AWS_REGION)",
        "[ -n \\"$AWS_ACCOUNT_ID\\" ] || { echo \\"ERROR: Failed to fetch AWS_ACCOUNT_ID from SSM\\"; exit 1; }",
        "[ -n \\"$GITHUB_CONNECTION_ARN\\" ] || { echo \\"ERROR: Failed to fetch GITHUB_CONNECTION_ARN from SSM\\"; exit 1; }",
        "[ -n \\"$GITHUB_REPO\\" ] || { echo \\"ERROR: Failed to fetch GITHUB_REPO from SSM\\"; exit 1; }",
        "[ -n \\"$GITHUB_BRANCH\\" ] || { echo \\"ERROR: Failed to fetch GITHUB_BRANCH from SSM\\"; exit 1; }",
        "npx cdk synth"
      ]
    }
  },
  "artifacts": {
    "base-directory": "cdk.out",
    "files": "**/*"
  }
}",
          "Type": "CODEPIPELINE",
        },
      },
      "Type": "AWS::CodeBuild::Project",
    },
    "PipelineBuildSynthCdkBuildProjectRole231EEA2A": {
      "Properties": {
        "AssumeRolePolicyDocument": {
          "Statement": [
            {
              "Action": "sts:AssumeRole",
              "Effect": "Allow",
              "Principal": {
                "Service": "codebuild.amazonaws.com",
              },
            },
          ],
          "Version": "2012-10-17",
        },
      },
      "Type": "AWS::IAM::Role",
    },
    "PipelineBuildSynthCdkBuildProjectRoleDefaultPolicyFB6C941C": {
      "Properties": {
        "PolicyDocument": {
          "Statement": [
            {
              "Action": [
                "logs:CreateLogGroup",
                "logs:CreateLogStream",
                "logs:PutLogEvents",
              ],
              "Effect": "Allow",
              "Resource": [
                {
                  "Fn::Join": [
                    "",
                    [
                      "arn:",
                      {
                        "Ref": "AWS::Partition",
                      },
                      ":logs:eu-central-1:123456789012:log-group:/aws/codebuild/",
                      {
                        "Ref": "PipelineBuildSynthCdkBuildProject6BEFA8E6",
                      },
                    ],
                  ],
                },
                {
                  "Fn::Join": [
                    "",
                    [
                      "arn:",
                      {
                        "Ref": "AWS::Partition",
                      },
                      ":logs:eu-central-1:123456789012:log-group:/aws/codebuild/",
                      {
                        "Ref": "PipelineBuildSynthCdkBuildProject6BEFA8E6",
                      },
                      ":*",
                    ],
                  ],
                },
              ],
            },
            {
              "Action": [
                "codebuild:CreateReportGroup",
                "codebuild:CreateReport",
                "codebuild:UpdateReport",
                "codebuild:BatchPutTestCases",
                "codebuild:BatchPutCodeCoverages",
              ],
              "Effect": "Allow",
              "Resource": {
                "Fn::Join": [
                  "",
                  [
                    "arn:",
                    {
                      "Ref": "AWS::Partition",
                    },
                    ":codebuild:eu-central-1:123456789012:report-group/",
                    {
                      "Ref": "PipelineBuildSynthCdkBuildProject6BEFA8E6",
                    },
                    "-*",
                  ],
                ],
              },
            },
            {
              "Action": [
                "s3:GetObject*",
                "s3:GetBucket*",
                "s3:List*",
                "s3:DeleteObject*",
                "s3:PutObject",
                "s3:PutObjectLegalHold",
                "s3:PutObjectRetention",
                "s3:PutObjectTagging",
                "s3:PutObjectVersionTagging",
                "s3:Abort*",
              ],
              "Effect": "Allow",
              "Resource": [
                {
                  "Fn::GetAtt": [
                    "PipelineArtifactsBucketAEA9A052",
                    "Arn",
                  ],
                },
                {
                  "Fn::Join": [
                    "",
                    [
                      {
                        "Fn::GetAtt": [
                          "PipelineArtifactsBucketAEA9A052",
                          "Arn",
                        ],
                      },
                      "/*",
                    ],
                  ],
                },
              ],
            },
            {
              "Action": "ssm:GetParameter",
              "Effect": "Allow",
              "Resource": "arn:aws:ssm:eu-central-1:123456789012:parameter/hermod/config/*",
            },
          ],
          "Version": "2012-10-17",
        },
        "PolicyName": "PipelineBuildSynthCdkBuildProjectRoleDefaultPolicyFB6C941C",
        "Roles": [
          {
            "Ref": "PipelineBuildSynthCdkBuildProjectRole231EEA2A",
          },
        ],
      },
      "Type": "AWS::IAM::Policy",
    },
    "PipelineCodeBuildActionRole226DB0CB": {
      "Properties": {
        "AssumeRolePolicyDocument": {
          "Statement": [
            {
              "Action": "sts:AssumeRole",
              "Effect": "Allow",
              "Principal": {
                "AWS": {
                  "Fn::GetAtt": [
                    "PipelineRoleB27FAA37",
                    "Arn",
                  ],
                },
              },
            },
          ],
          "Version": "2012-10-17",
        },
      },
      "Type": "AWS::IAM::Role",
    },
    "PipelineCodeBuildActionRoleDefaultPolicy1D62A6FE": {
      "Properties": {
        "PolicyDocument": {
          "Statement": [
            {
              "Action": [
                "codebuild:BatchGetBuilds",
                "codebuild:StartBuild",
                "codebuild:StopBuild",
              ],
              "Effect": "Allow",
              "Resource": {
                "Fn::GetAtt": [
                  "PipelineBuildSynthCdkBuildProject6BEFA8E6",
                  "Arn",
                ],
              },
            },
            {
              "Action": [
                "codebuild:BatchGetBuilds",
                "codebuild:StartBuild",
                "codebuild:StopBuild",
              ],
              "Effect": "Allow",
              "Resource": {
                "Fn::GetAtt": [
                  "PipelineUpdatePipelineSelfMutationDAA41400",
                  "Arn",
                ],
              },
            },
            {
              "Action": [
                "codebuild:BatchGetBuilds",
                "codebuild:StartBuild",
                "codebuild:StopBuild",
              ],
              "Effect": "Allow",
              "Resource": {
                "Fn::GetAtt": [
                  "PipelineAssetsFileAsset185A67CB4",
                  "Arn",
                ],
              },
            },
            {
              "Action": [
                "codebuild:BatchGetBuilds",
                "codebuild:StartBuild",
                "codebuild:StopBuild",
              ],
              "Effect": "Allow",
              "Resource": {
                "Fn::GetAtt": [
                  "PipelineAssetsFileAsset24D2D639B",
                  "Arn",
                ],
              },
            },
          ],
          "Version": "2012-10-17",
        },
        "PolicyName": "PipelineCodeBuildActionRoleDefaultPolicy1D62A6FE",
        "Roles": [
          {
            "Ref": "PipelineCodeBuildActionRole226DB0CB",
          },
        ],
      },
      "Type": "AWS::IAM::Policy",
    },
    "PipelineRoleB27FAA37": {
      "Properties": {
        "AssumeRolePolicyDocument": {
          "Statement": [
            {
              "Action": "sts:AssumeRole",
              "Effect": "Allow",
              "Principal": {
                "Service": "codepipeline.amazonaws.com",
              },
            },
          ],
          "Version": "2012-10-17",
        },
      },
      "Type": "AWS::IAM::Role",
    },
    "PipelineRoleDefaultPolicy7BDC1ABB": {
      "Properties": {
        "PolicyDocument": {
          "Statement": [
            {
              "Action": [
                "s3:GetObject*",
                "s3:GetBucket*",
                "s3:List*",
                "s3:DeleteObject*",
                "s3:PutObject",
                "s3:PutObjectLegalHold",
                "s3:PutObjectRetention",
                "s3:PutObjectTagging",
                "s3:PutObjectVersionTagging",
                "s3:Abort*",
              ],
              "Effect": "Allow",
              "Resource": [
                {
                  "Fn::GetAtt": [
                    "PipelineArtifactsBucketAEA9A052",
                    "Arn",
                  ],
                },
                {
                  "Fn::Join": [
                    "",
                    [
                      {
                        "Fn::GetAtt": [
                          "PipelineArtifactsBucketAEA9A052",
                          "Arn",
                        ],
                      },
                      "/*",
                    ],
                  ],
                },
              ],
            },
            {
              "Action": "sts:AssumeRole",
              "Effect": "Allow",
              "Resource": {
                "Fn::GetAtt": [
                  "PipelineSourcetestownertestrepoCodePipelineActionRole56B0F5FD",
                  "Arn",
                ],
              },
            },
            {
              "Action": "sts:AssumeRole",
              "Effect": "Allow",
              "Resource": {
                "Fn::GetAtt": [
                  "PipelineCodeBuildActionRole226DB0CB",
                  "Arn",
                ],
              },
            },
            {
              "Action": "sts:AssumeRole",
              "Effect": "Allow",
              "Resource": {
                "Fn::Join": [
                  "",
                  [
                    "arn:",
                    {
                      "Ref": "AWS::Partition",
                    },
                    ":iam::123456789012:role/cdk-hnb659fds-deploy-role-123456789012-eu-central-1",
                  ],
                ],
              },
            },
            {
              "Action": "codeconnections:UseConnection",
              "Effect": "Allow",
              "Resource": "arn:aws:codestar-connections:eu-central-1:123456789012:connection/test-connection-id",
            },
          ],
          "Version": "2012-10-17",
        },
        "PolicyName": "PipelineRoleDefaultPolicy7BDC1ABB",
        "Roles": [
          {
            "Ref": "PipelineRoleB27FAA37",
          },
        ],
      },
      "Type": "AWS::IAM::Policy",
    },
    "PipelineSourcetestownertestrepoCodePipelineActionRole56B0F5FD": {
      "Properties": {
        "AssumeRolePolicyDocument": {
          "Statement": [
            {
              "Action": "sts:AssumeRole",
              "Effect": "Allow",
              "Principal": {
                "AWS": {
                  "Fn::GetAtt": [
                    "PipelineRoleB27FAA37",
                    "Arn",
                  ],
                },
              },
            },
          ],
          "Version": "2012-10-17",
        },
      },
      "Type": "AWS::IAM::Role",
    },
    "PipelineSourcetestownertestrepoCodePipelineActionRoleDefaultPolicy6373A35C": {
      "Properties": {
        "PolicyDocument": {
          "Statement": [
            {
              "Action": "codestar-connections:UseConnection",
              "Effect": "Allow",
              "Resource": "arn:aws:codestar-connections:eu-central-1:123456789012:connection/test-connection-id",
            },
            {
              "Action": [
                "s3:GetObject*",
                "s3:GetBucket*",
                "s3:List*",
                "s3:DeleteObject*",
                "s3:PutObject",
                "s3:PutObjectLegalHold",
                "s3:PutObjectRetention",
                "s3:PutObjectTagging",
                "s3:PutObjectVersionTagging",
                "s3:Abort*",
              ],
              "Effect": "Allow",
              "Resource": [
                {
                  "Fn::GetAtt": [
                    "PipelineArtifactsBucketAEA9A052",
                    "Arn",
                  ],
                },
                {
                  "Fn::Join": [
                    "",
                    [
                      {
                        "Fn::GetAtt": [
                          "PipelineArtifactsBucketAEA9A052",
                          "Arn",
                        ],
                      },
                      "/*",
                    ],
                  ],
                },
              ],
            },
            {
              "Action": [
                "s3:PutObjectAcl",
                "s3:PutObjectVersionAcl",
              ],
              "Effect": "Allow",
              "Resource": {
                "Fn::Join": [
                  "",
                  [
                    {
                      "Fn::GetAtt": [
                        "PipelineArtifactsBucketAEA9A052",
                        "Arn",
                      ],
                    },
                    "/*",
                  ],
                ],
              },
            },
          ],
          "Version": "2012-10-17",
        },
        "PolicyName": "PipelineSourcetestownertestrepoCodePipelineActionRoleDefaultPolicy6373A35C",
        "Roles": [
          {
            "Ref": "PipelineSourcetestownertestrepoCodePipelineActionRole56B0F5FD",
          },
        ],
      },
      "Type": "AWS::IAM::Policy",
    },
    "PipelineUpdatePipelineSelfMutationDAA41400": {
      "Properties": {
        "Artifacts": {
          "Type": "CODEPIPELINE",
        },
        "Cache": {
          "Type": "NO_CACHE",
        },
        "Description": "Pipeline step TestPipelineStack/Pipeline/UpdatePipeline/SelfMutate",
        "EncryptionKey": "alias/aws/s3",
        "Environment": {
          "ComputeType": "BUILD_GENERAL1_SMALL",
          "Image": "aws/codebuild/standard:7.0",
          "ImagePullCredentialsType": "CODEBUILD",
          "PrivilegedMode": false,
          "Type": "LINUX_CONTAINER",
        },
        "Name": "hermod-pipeline-selfupdate",
        "ServiceRole": {
          "Fn::GetAtt": [
            "PipelineUpdatePipelineSelfMutationRole57E559E8",
            "Arn",
          ],
        },
        "Source": {
          "BuildSpec": "{
  "version": "0.2",
  "phases": {
    "install": {
      "commands": [
        "npm install -g aws-cdk@2"
      ]
    },
    "build": {
      "commands": [
        "cdk -a . deploy TestPipelineStack --require-approval=never --verbose"
      ]
    }
  }
}",
          "Type": "CODEPIPELINE",
        },
      },
      "Type": "AWS::CodeBuild::Project",
    },
    "PipelineUpdatePipelineSelfMutationRole57E559E8": {
      "Properties": {
        "AssumeRolePolicyDocument": {
          "Statement": [
            {
              "Action": "sts:AssumeRole",
              "Effect": "Allow",
              "Principal": {
                "Service": "codebuild.amazonaws.com",
              },
            },
          ],
          "Version": "2012-10-17",
        },
      },
      "Type": "AWS::IAM::Role",
    },
    "PipelineUpdatePipelineSelfMutationRoleDefaultPolicyA225DA4E": {
      "Properties": {
        "PolicyDocument": {
          "Statement": [
            {
              "Action": [
                "logs:CreateLogGroup",
                "logs:CreateLogStream",
                "logs:PutLogEvents",
              ],
              "Effect": "Allow",
              "Resource": [
                {
                  "Fn::Join": [
                    "",
                    [
                      "arn:",
                      {
                        "Ref": "AWS::Partition",
                      },
                      ":logs:eu-central-1:123456789012:log-group:/aws/codebuild/",
                      {
                        "Ref": "PipelineUpdatePipelineSelfMutationDAA41400",
                      },
                    ],
                  ],
                },
                {
                  "Fn::Join": [
                    "",
                    [
                      "arn:",
                      {
                        "Ref": "AWS::Partition",
                      },
                      ":logs:eu-central-1:123456789012:log-group:/aws/codebuild/",
                      {
                        "Ref": "PipelineUpdatePipelineSelfMutationDAA41400",
                      },
                      ":*",
                    ],
                  ],
                },
              ],
            },
            {
              "Action": [
                "codebuild:CreateReportGroup",
                "codebuild:CreateReport",
                "codebuild:UpdateReport",
                "codebuild:BatchPutTestCases",
                "codebuild:BatchPutCodeCoverages",
              ],
              "Effect": "Allow",
              "Resource": {
                "Fn::Join": [
                  "",
                  [
                    "arn:",
                    {
                      "Ref": "AWS::Partition",
                    },
                    ":codebuild:eu-central-1:123456789012:report-group/",
                    {
                      "Ref": "PipelineUpdatePipelineSelfMutationDAA41400",
                    },
                    "-*",
                  ],
                ],
              },
            },
            {
              "Action": "sts:AssumeRole",
              "Condition": {
                "ForAnyValue:StringEquals": {
                  "iam:ResourceTag/aws-cdk:bootstrap-role": [
                    "image-publishing",
                    "file-publishing",
                    "deploy",
                  ],
                },
              },
              "Effect": "Allow",
              "Resource": "arn:*:iam::123456789012:role/*",
            },
            {
              "Action": "cloudformation:DescribeStacks",
              "Effect": "Allow",
              "Resource": "*",
            },
            {
              "Action": "s3:ListBucket",
              "Effect": "Allow",
              "Resource": "*",
            },
            {
              "Action": [
                "s3:GetObject*",
                "s3:GetBucket*",
                "s3:List*",
              ],
              "Effect": "Allow",
              "Resource": [
                {
                  "Fn::GetAtt": [
                    "PipelineArtifactsBucketAEA9A052",
                    "Arn",
                  ],
                },
                {
                  "Fn::Join": [
                    "",
                    [
                      {
                        "Fn::GetAtt": [
                          "PipelineArtifactsBucketAEA9A052",
                          "Arn",
                        ],
                      },
                      "/*",
                    ],
                  ],
                },
              ],
            },
          ],
          "Version": "2012-10-17",
        },
        "PolicyName": "PipelineUpdatePipelineSelfMutationRoleDefaultPolicyA225DA4E",
        "Roles": [
          {
            "Ref": "PipelineUpdatePipelineSelfMutationRole57E559E8",
          },
        ],
      },
      "Type": "AWS::IAM::Policy",
    },
  },
  "Rules": {
    "CheckBootstrapVersion": {
      "Assertions": [
        {
          "Assert": {
            "Fn::Not": [
              {
                "Fn::Contains": [
                  [
                    "1",
                    "2",
                    "3",
                    "4",
                    "5",
                  ],
                  {
                    "Ref": "BootstrapVersion",
                  },
                ],
              },
            ],
          },
          "AssertDescription": "CDK bootstrap stack version 6 required. Please run 'cdk bootstrap' with a recent version of the CDK CLI.",
        },
      ],
    },
  },
}
`;
